[INFO] Scanning for projects...
[INFO] 
[INFO] -----------------------< be.ap.student:backend >------------------------
[INFO] Building AI-SDLC Backend 1.0-SNAPSHOT
[INFO]   from pom.xml
[INFO] --------------------------------[ jar ]---------------------------------
[INFO] 
[INFO] --- resources:3.3.1:resources (default-resources) @ backend ---
[INFO] Copying 1 resource from src/main/resources to target/classes
[INFO] Copying 1 resource from src/main/resources to target/classes
[INFO] 
[INFO] --- compiler:3.14.1:compile (default-compile) @ backend ---
[INFO] Recompiling the module because of changed source code.
[INFO] Compiling 13 source files with javac [debug parameters release 21] to target/classes
[INFO] -------------------------------------------------------------
[ERROR] COMPILATION ERROR : 
[INFO] -------------------------------------------------------------
[ERROR] /Users/owennolis/Desktop/AI-SDLC/backend/src/main/java/be/ap/student/tickets/controller/TicketController.java:[25,29] cannot find symbol
  symbol:   method nonExistentMethod(java.lang.String)
  location: class be.ap.student.tickets.controller.TicketController
